--- UVM Report Summary ---

** Report counts by severity
UVM_INFO : 5595
UVM_WARNING :   18
UVM_ERROR :    0
UVM_FATAL :    0
** Report counts by id
[HDL_TOP_TB]     1
[KAT]     4
[LOCK_MODEL]     1
[MAP_INIT]     1
[PREDICTOR]     4
[PRED_RUN_EXE]     6
[QVIP_REPORTER]     1
[REG_READ]    48
[REG_WRITE]  5421
[REG_WRITE_PASS]    48
[RNTST]     1
[SCBD_REPORT]     3
[SCOREBOARD]     3
[TEST_DONE]     1
[TEST_TOP]     1
[UVM/FLD/SET/BSY]    18
[VALIDATION_PASS]    48
[VERIFY_PASS]     3
$finish called from file "/home/cad/tools/mentor/questa/2022.2_1/questasim/verilog_src/uvm-1.1d/src/base/uvm_root.svh", line 430.
$finish at simulation time 690240.000ns
           V C S   S i m u l a t i o n   R e p o r t 
Time: 690240000 ps

Simulation Performance Summary
==============================
Simulation started at :  Wed Sep 23 04:26:32 2026
Elapsed Time          :  86 sec
CPU Time              :  78.7 sec
Virtual memory size   :  719.7 MB
Resident set size     :  275.8 MB
Shared memory size    :  8.2 MB
Private memory size   :  267.6 MB
Major page faults     :  2028
Machine name          :  bronco53504
==============================

Wed Sep 23 04:27:57 2026
