--- UVM Report Summary ---

** Report counts by severity
UVM_INFO :   22
UVM_WARNING :    0
UVM_ERROR :    0
UVM_FATAL :    0
** Report counts by id
[HDL_TOP_TB]     1
[KAT]     3
[LOCK_MODEL]     1
[MAP_INIT]     1
[PREDICTOR]     4
[QVIP_REPORTER]     1
[REG_WRITE_PASS]     2
[RNTST]     1
[SCBD_REPORT]     3
[SCOREBOARD]     3
[TEST_DONE]     1
[TEST_TOP]     1
$finish called from file "/home/cad/tools/mentor/questa/2022.2_1/questasim/verilog_src/uvm-1.1d/src/base/uvm_root.svh", line 430.
$finish at simulation time 159780.000ns
           V C S   S i m u l a t i o n   R e p o r t 
Time: 159780000 ps

Simulation Performance Summary
==============================
Simulation started at :  Wed Sep 23 04:50:50 2026
Elapsed Time          :  19 sec
CPU Time              :  15.7 sec
Virtual memory size   :  718.9 MB
Resident set size     :  272.8 MB
Shared memory size    :  8.6 MB
Private memory size   :  264.3 MB
Major page faults     :  985
Machine name          :  bronco80702
==============================

Wed Sep 23 04:51:08 2026
